[backblue.gif]
[fade.gif]
[index.html]
[eres.dexignzone.com/laravel/social-image.png]
[eres.dexignzone.com/laravel/demo/public/images/favicon.png]
[cdn.lineicons.com/2.0/LineIcons.css]
[eres.dexignzone.com/laravel/demo/public/images/avatar/1.jpg]
[eres.dexignzone.com/laravel/demo/public/images/avatar/2.jpg]
[eres.dexignzone.com/laravel/demo/public/images/avatar/3.jpg]
[eres.dexignzone.com/laravel/demo/public/images/avatar/4.jpg]
[eres.dexignzone.com/laravel/demo/public/images/avatar/5.jpg]
[eres.dexignzone.com/laravel/demo/public/images/profile/12.png]
[eres.dexignzone.com/laravel/demo/public/images/doctors/5.jpg]
[eres.dexignzone.com/laravel/demo/public/images/doctors/1.jpg]
[eres.dexignzone.com/laravel/demo/public/images/doctors/2.jpg]
[eres.dexignzone.com/laravel/demo/public/images/doctors/3.jpg]
[eres.dexignzone.com/laravel/demo/public/images/doctors/4.jpg]
[eres.dexignzone.com/laravel/demo/public/images/widget/1.jpg]
[eres.dexignzone.com/laravel/demo/public/images/widget/2.jpg]
[eres.dexignzone.com/laravel/demo/public/images/widget/3.jpg]
[eres.dexignzone.com/laravel/demo/public/images/widget/5.jpg]
[eres.dexignzone.com/laravel/demo/index8704.html]
[eres.dexignzone.com/laravel/demo/public/vendor/owl-carousel/owl.carousel.css]
[cdn.lineicons.com/2.0/fonts/LineIcons.eot]
[cdn.lineicons.com/2.0/fonts/LineIcons.woff2]
[cdn.lineicons.com/2.0/fonts/LineIcons.woff]
[cdn.lineicons.com/2.0/fonts/LineIcons.ttf]
[cdn.lineicons.com/2.0/LineIcons.css]
[eres.dexignzone.com/laravel/demo/public/vendor/bootstrap-select/dist/css/bootstrap-select.min.css]
[cdn.lineicons.com/2.0/fonts/LineIcons.svg]
[eres.dexignzone.com/laravel/demo/public/images/like.png]
[eres.dexignzone.com/laravel/demo/public/images/pattern/pattern5.png]
[eres.dexignzone.com/laravel/demo/public/images/profile/cover.jpg]
[eres.dexignzone.com/laravel/demo/public/images/1.jpg]
[eres.dexignzone.com/laravel/demo/public/images/date.png]
[eres.dexignzone.com/laravel/demo/public/css/style.css]
[eres.dexignzone.com/laravel/demo/index.html]
[eres.dexignzone.com/laravel/demo/public/images/profile/profile.png]
[eres.dexignzone.com/laravel/demo/public/images/profile/1.jpg]
[eres.dexignzone.com/laravel/demo/public/images/profile/2.jpg]
[eres.dexignzone.com/laravel/demo/public/images/profile/3.jpg]
[eres.dexignzone.com/laravel/demo/public/images/profile/4.jpg]
[eres.dexignzone.com/laravel/demo/public/images/profile/5.jpg]
[eres.dexignzone.com/laravel/demo/public/images/profile/6.jpg]
[eres.dexignzone.com/laravel/demo/public/images/profile/7.jpg]
[eres.dexignzone.com/laravel/demo/public/images/profile/8.jpg]
[eres.dexignzone.com/laravel/demo/public/images/profile/9.jpg]
[eres.dexignzone.com/laravel/demo/app-profile.html]
[eres.dexignzone.com/laravel/demo/email-inbox.html]
[eres.dexignzone.com/laravel/demo/public/images/logo-full.png]
[eres.dexignzone.com/laravel/demo/page-login.html]
[eres.dexignzone.com/laravel/demo/index-2.html]
[eres.dexignzone.com/laravel/demo/patient-list.html]
[eres.dexignzone.com/laravel/demo/patient-details.html]
[eres.dexignzone.com/laravel/demo/public/images/doctors/9.jpg]
[eres.dexignzone.com/laravel/demo/public/images/doctors/10.jpg]
[eres.dexignzone.com/laravel/demo/public/images/doctors/11.jpg]
[eres.dexignzone.com/laravel/demo/public/images/doctors/12.jpg]
[eres.dexignzone.com/laravel/demo/public/images/doctors/13.jpg]
[eres.dexignzone.com/laravel/demo/public/images/doctors/14.jpg]
[eres.dexignzone.com/laravel/demo/public/images/doctors/15.jpg]
[eres.dexignzone.com/laravel/demo/public/images/doctors/16.jpg]
[eres.dexignzone.com/laravel/demo/doctor-list.html]
[eres.dexignzone.com/laravel/demo/public/images/widget/6.jpg]
[eres.dexignzone.com/laravel/demo/public/images/widget/7.jpg]
[eres.dexignzone.com/laravel/demo/public/images/widget/8.jpg]
[eres.dexignzone.com/laravel/demo/public/images/doctors/6.jpg]
[eres.dexignzone.com/laravel/demo/public/images/doctors/7.jpg]
[eres.dexignzone.com/laravel/demo/public/images/doctors/8.jpg]
[eres.dexignzone.com/laravel/demo/doctor-detail.html]
[eres.dexignzone.com/laravel/demo/public/images/doctors/17.jpg]
[eres.dexignzone.com/laravel/demo/public/images/doctors/18.jpg]
[eres.dexignzone.com/laravel/demo/public/images/doctors/19.jpg]
[eres.dexignzone.com/laravel/demo/public/images/doctors/20.jpg]
[eres.dexignzone.com/laravel/demo/page-review.html]
[eres.dexignzone.com/laravel/demo/public/images/avatar/6.jpg]
[eres.dexignzone.com/laravel/demo/appointment.html]
[eres.dexignzone.com/laravel/demo/public/images/avatar/7.jpg]
[eres.dexignzone.com/laravel/demo/staff.html]
[eres.dexignzone.com/laravel/demo/public/images/nurse.jpg]
[eres.dexignzone.com/laravel/demo/staff-profile.html]
[eres.dexignzone.com/laravel/demo/public/images/big/img6.jpg]
[eres.dexignzone.com/laravel/demo/public/images/big/img5.jpg]
[eres.dexignzone.com/laravel/demo/public/images/big/img4.jpg]
[eres.dexignzone.com/laravel/demo/post-details.html]
[eres.dexignzone.com/laravel/demo/email-compose.html]
[eres.dexignzone.com/laravel/demo/email-read.html]
[eres.dexignzone.com/laravel/demo/app-calender.html]
[eres.dexignzone.com/laravel/demo/public/images/product/1.jpg]
[eres.dexignzone.com/laravel/demo/public/images/product/2.jpg]
[eres.dexignzone.com/laravel/demo/public/images/product/3.jpg]
[eres.dexignzone.com/laravel/demo/public/images/product/4.jpg]
[eres.dexignzone.com/laravel/demo/public/images/product/5.jpg]
[eres.dexignzone.com/laravel/demo/public/images/product/6.jpg]
[eres.dexignzone.com/laravel/demo/public/images/product/7.jpg]
[eres.dexignzone.com/laravel/demo/ecom-product-grid.html]
[eres.dexignzone.com/laravel/demo/ecom-product-list.html]
[eres.dexignzone.com/laravel/demo/public/images/tab/1.jpg]
[eres.dexignzone.com/laravel/demo/public/images/tab/2.jpg]
[eres.dexignzone.com/laravel/demo/public/images/tab/3.jpg]
[eres.dexignzone.com/laravel/demo/public/images/tab/4.jpg]
[eres.dexignzone.com/laravel/demo/ecom-product-detail.html]
[eres.dexignzone.com/laravel/demo/ecom-product-order.html]
[eres.dexignzone.com/laravel/demo/ecom-checkout.html]
[eres.dexignzone.com/laravel/demo/public/images/logo.png]
[eres.dexignzone.com/laravel/demo/public/images/logo-text.png]
[eres.dexignzone.com/laravel/demo/public/images/qr.png]
[eres.dexignzone.com/laravel/demo/ecom-invoice.html]
[eres.dexignzone.com/laravel/demo/public/images/avatar/5.png]
[eres.dexignzone.com/laravel/demo/public/images/avatar/1.png]
[eres.dexignzone.com/laravel/demo/ecom-customers.html]
[eres.dexignzone.com/laravel/demo/chart-flot.html]
[eres.dexignzone.com/laravel/demo/chart-morris.html]
[eres.dexignzone.com/laravel/demo/chart-chartjs.html]
[eres.dexignzone.com/laravel/demo/chart-chartist.html]
[eres.dexignzone.com/laravel/demo/chart-sparkline.html]
[eres.dexignzone.com/laravel/demo/chart-peity.html]
[eres.dexignzone.com/laravel/demo/ui-accordion.html]
[eres.dexignzone.com/laravel/demo/ui-alert.html]
[eres.dexignzone.com/laravel/demo/ui-badge.html]
[eres.dexignzone.com/laravel/demo/ui-button.html]
[eres.dexignzone.com/laravel/demo/ui-modal.html]
[eres.dexignzone.com/laravel/demo/ui-button-group.html]
[eres.dexignzone.com/laravel/demo/ui-list-group.html]
[eres.dexignzone.com/laravel/demo/public/images/avatar/8.jpg]
[eres.dexignzone.com/laravel/demo/ui-media-object.html]
[eres.dexignzone.com/laravel/demo/public/images/card/1.png]
[eres.dexignzone.com/laravel/demo/public/images/card/2.png]
[eres.dexignzone.com/laravel/demo/public/images/card/3.png]
[eres.dexignzone.com/laravel/demo/ui-card.html]
[eres.dexignzone.com/laravel/demo/public/images/big/img1.jpg]
[eres.dexignzone.com/laravel/demo/public/images/big/img2.jpg]
[eres.dexignzone.com/laravel/demo/public/images/big/img3.jpg]
[eres.dexignzone.com/laravel/demo/public/images/big/img7.jpg]
[eres.dexignzone.com/laravel/demo/ui-carousel.html]
[eres.dexignzone.com/laravel/demo/ui-dropdown.html]
[eres.dexignzone.com/laravel/demo/ui-popover.html]
[eres.dexignzone.com/laravel/demo/ui-progressbar.html]
[eres.dexignzone.com/laravel/demo/ui-tab.html]
[eres.dexignzone.com/laravel/demo/ui-typography.html]
[eres.dexignzone.com/laravel/demo/ui-pagination.html]
[eres.dexignzone.com/laravel/demo/ui-grid.html]
[eres.dexignzone.com/laravel/demo/uc-select2.html]
[eres.dexignzone.com/laravel/demo/uc-nestable.html]
[eres.dexignzone.com/laravel/demo/uc-noui-slider.html]
[eres.dexignzone.com/laravel/demo/uc-sweetalert.html]
[eres.dexignzone.com/laravel/demo/uc-toastr.html]
[eres.dexignzone.com/laravel/demo/map-jqvmap.html]
[eres.dexignzone.com/laravel/demo/public/images/big/img8.jpg]
[eres.dexignzone.com/laravel/demo/uc-lightgallery.html]
[eres.dexignzone.com/laravel/demo/widget-basic.html]
[eres.dexignzone.com/laravel/demo/form-element.html]
[eres.dexignzone.com/laravel/demo/form-wizard.html]
[eres.dexignzone.com/laravel/demo/form-ckeditor.html]
[eres.dexignzone.com/laravel/demo/form-pickers.html]
[eres.dexignzone.com/laravel/demo/form-validation-jquery.html]
[eres.dexignzone.com/laravel/demo/table-bootstrap-basic.html]
[eres.dexignzone.com/laravel/demo/public/images/profile/small/pic1.jpg]
[eres.dexignzone.com/laravel/demo/public/images/profile/small/pic2.jpg]
[eres.dexignzone.com/laravel/demo/public/images/profile/small/pic3.jpg]
[eres.dexignzone.com/laravel/demo/public/images/profile/small/pic4.jpg]
[eres.dexignzone.com/laravel/demo/public/images/profile/small/pic5.jpg]
[eres.dexignzone.com/laravel/demo/public/images/profile/small/pic6.jpg]
[eres.dexignzone.com/laravel/demo/public/images/profile/small/pic7.jpg]
[eres.dexignzone.com/laravel/demo/public/images/profile/small/pic8.jpg]
[eres.dexignzone.com/laravel/demo/public/images/profile/small/pic9.jpg]
[eres.dexignzone.com/laravel/demo/public/images/profile/small/pic10.jpg]
[eres.dexignzone.com/laravel/demo/table-datatable-basic.html]
[eres.dexignzone.com/laravel/demo/page-register.html]
[eres.dexignzone.com/laravel/demo/page-error-400.html]
[eres.dexignzone.com/laravel/demo/page-error-403.html]
[eres.dexignzone.com/laravel/demo/page-error-404.html]
[eres.dexignzone.com/laravel/demo/page-error-500.html]
[eres.dexignzone.com/laravel/demo/page-error-503.html]
[eres.dexignzone.com/laravel/demo/page-lock-screen.html]
[eres.dexignzone.com/laravel/demo/public/images/sidebar-img/1.jpg]
[eres.dexignzone.com/laravel/demo/public/images/sidebar-img/2.jpg]
[eres.dexignzone.com/laravel/demo/public/images/sidebar-img/3.jpg]
[eres.dexignzone.com/laravel/demo/public/images/sidebar-img/4.jpg]
[eres.dexignzone.com/laravel/demo/public/images/sidebar-img/5.jpg]
[eres.dexignzone.com/laravel/demo/public/images/sidebar-img/6.jpg]
[eres.dexignzone.com/laravel/demo/public/images/sidebar-img/7.jpg]
[eres.dexignzone.com/laravel/demo/public/images/sidebar-img/8.jpg]
[eres.dexignzone.com/laravel/demo/public/images/sidebar-img/9.jpg]
[eres.dexignzone.com/laravel/demo/public/images/sidebar-img/10.jpg]
[eres.dexignzone.com/laravel/demo/public/vendor/global/global.min.js]
[eres.dexignzone.com/laravel/demo/public/vendor/bootstrap-select/dist/js/bootstrap-select.min.js]
[eres.dexignzone.com/laravel/demo/public/vendor/chart.js/Chart.bundle.min.js]
[eres.dexignzone.com/laravel/demo/public/vendor/owl-carousel/owl.carousel.js]
[eres.dexignzone.com/laravel/demo/public/vendor/apexchart/apexchart.js]
[eres.dexignzone.com/laravel/demo/public/js/dashboard/dashboard-1.js]
[eres.dexignzone.com/laravel/demo/public/js/custom.min.js]
[eres.dexignzone.com/laravel/demo/public/js/deznav-init.js]
[eres.dexignzone.com/laravel/demo/public/js/demo.js]
[eres.dexignzone.com/laravel/demo/public/js/styleSwitcher.js]
[eres.dexignzone.com/laravel/demo/public/vendor/owl-carousel/owl.video.play.html]
[cdn.lineicons.com/2.0/fonts/LineIcons.svg]
[eres.dexignzone.com/laravel/demo/public/icons/simple-line-icons/fonts/Simple-Line-Icons4c824c82.eot]
[eres.dexignzone.com/laravel/demo/public/icons/simple-line-icons/fonts/Simple-Line-Iconsd41dd41d.eot]
[eres.dexignzone.com/laravel/demo/public/icons/simple-line-icons/fonts/Simple-Line-Icons4c824c82.ttf]
[eres.dexignzone.com/laravel/demo/public/icons/simple-line-icons/fonts/Simple-Line-Icons4c824c82.woff2]
[eres.dexignzone.com/laravel/demo/public/icons/simple-line-icons/fonts/Simple-Line-Icons4c824c82.woff]
[eres.dexignzone.com/laravel/demo/public/icons/simple-line-icons/css/simple-line-icons.css]
[eres.dexignzone.com/laravel/demo/public/icons/fontawesome-free-6/webfonts/fa-brands-400.woff2]
[eres.dexignzone.com/laravel/demo/public/icons/fontawesome-free-6/webfonts/fa-brands-400.ttf]
[eres.dexignzone.com/laravel/demo/public/icons/fontawesome-free-6/webfonts/fa-regular-400.woff2]
[eres.dexignzone.com/laravel/demo/public/icons/fontawesome-free-6/webfonts/fa-regular-400.ttf]
[eres.dexignzone.com/laravel/demo/public/icons/fontawesome-free-6/webfonts/fa-solid-900.woff2]
[eres.dexignzone.com/laravel/demo/public/icons/fontawesome-free-6/webfonts/fa-solid-900.ttf]
[eres.dexignzone.com/laravel/demo/public/icons/fontawesome-free-6/webfonts/fa-v4compatibility.woff2]
[eres.dexignzone.com/laravel/demo/public/icons/fontawesome-free-6/webfonts/fa-v4compatibility.ttf]
[eres.dexignzone.com/laravel/demo/public/icons/fontawesome-free-6/css/all.min.css]
[eres.dexignzone.com/laravel/demo/public/icons/material-design-iconic-font/fonts/materialdesignicons-webfont683c.eot]
[eres.dexignzone.com/laravel/demo/public/icons/material-design-iconic-font/fonts/materialdesignicons-webfontd41d.eot]
[eres.dexignzone.com/laravel/demo/public/icons/material-design-iconic-font/fonts/materialdesignicons-webfont683c.woff2]
[eres.dexignzone.com/laravel/demo/public/icons/material-design-iconic-font/fonts/materialdesignicons-webfont683c.woff]
[eres.dexignzone.com/laravel/demo/public/icons/material-design-iconic-font/fonts/materialdesignicons-webfont683c.ttf]
[eres.dexignzone.com/laravel/demo/public/icons/material-design-iconic-font/css/materialdesignicons.min.css]
[eres.dexignzone.com/laravel/demo/public/icons/themify-icons/fonts/themify9f249f24.eot]
[eres.dexignzone.com/laravel/demo/public/icons/themify-icons/fonts/themifyd41dd41d.eot]
[eres.dexignzone.com/laravel/demo/public/icons/themify-icons/fonts/themify.woff]
[eres.dexignzone.com/laravel/demo/public/icons/themify-icons/fonts/themify.ttf]
[eres.dexignzone.com/laravel/demo/public/icons/themify-icons/css/themify-icons.css]
[eres.dexignzone.com/laravel/demo/public/icons/line-awesome/fonts/la-brands-400.eot]
[eres.dexignzone.com/laravel/demo/public/icons/line-awesome/fonts/la-brands-400d41d.eot]
[eres.dexignzone.com/laravel/demo/public/icons/line-awesome/fonts/la-brands-400.woff2]
[eres.dexignzone.com/laravel/demo/public/icons/line-awesome/fonts/la-brands-400.woff]
[eres.dexignzone.com/laravel/demo/public/icons/line-awesome/fonts/la-brands-400.ttf]
[eres.dexignzone.com/laravel/demo/public/icons/line-awesome/fonts/la-regular-400.eot]
[eres.dexignzone.com/laravel/demo/public/icons/line-awesome/fonts/la-regular-400d41d.eot]
[eres.dexignzone.com/laravel/demo/public/icons/line-awesome/fonts/la-regular-400.woff2]
[eres.dexignzone.com/laravel/demo/public/icons/line-awesome/fonts/la-regular-400.woff]
[eres.dexignzone.com/laravel/demo/public/icons/line-awesome/fonts/la-regular-400.ttf]
[eres.dexignzone.com/laravel/demo/public/icons/line-awesome/fonts/la-solid-900.eot]
[eres.dexignzone.com/laravel/demo/public/icons/line-awesome/fonts/la-solid-900d41d.eot]
[eres.dexignzone.com/laravel/demo/public/icons/line-awesome/fonts/la-solid-900.woff2]
[eres.dexignzone.com/laravel/demo/public/icons/line-awesome/fonts/la-solid-900.woff]
[eres.dexignzone.com/laravel/demo/public/icons/line-awesome/fonts/la-solid-900.ttf]
[eres.dexignzone.com/laravel/demo/public/icons/line-awesome/css/line-awesome.min.css]
[eres.dexignzone.com/laravel/demo/public/icons/avasta/fonts/avasta.eot]
[eres.dexignzone.com/laravel/demo/public/icons/avasta/fonts/avasta.woff2]
[eres.dexignzone.com/laravel/demo/public/icons/avasta/fonts/avasta.woff]
[eres.dexignzone.com/laravel/demo/public/icons/avasta/fonts/avasta.ttf]
[eres.dexignzone.com/laravel/demo/public/icons/avasta/css/style.css]
[eres.dexignzone.com/laravel/demo/public/icons/flaticon/Flaticon.eot]
[eres.dexignzone.com/laravel/demo/public/icons/flaticon/Flaticond41d.eot]
[eres.dexignzone.com/laravel/demo/public/icons/flaticon/Flaticon.woff]
[eres.dexignzone.com/laravel/demo/public/icons/flaticon/Flaticon.ttf]
[eres.dexignzone.com/laravel/demo/public/icons/flaticon/flaticon.css]
[eres.dexignzone.com/laravel/demo/public/icons/icomoon/fonts/icomoon.eot]
[eres.dexignzone.com/laravel/demo/public/icons/icomoon/fonts/icomoon.ttf]
[eres.dexignzone.com/laravel/demo/public/icons/icomoon/fonts/icomoon.woff]
[eres.dexignzone.com/laravel/demo/public/icons/icomoon/icomoon.css]
[eres.dexignzone.com/laravel/demo/public/vendor/animate/animate.min.css]
[eres.dexignzone.com/laravel/demo/public/vendor/aos/css/aos.min.css]
[eres.dexignzone.com/laravel/demo/public/vendor/perfect-scrollbar/css/perfect-scrollbar.css]
[eres.dexignzone.com/laravel/demo/public/vendor/metismenu/css/metisMenu.min.css]
[eres.dexignzone.com/laravel/demo/public/images/body/12.html]
[eres.dexignzone.com/laravel/demo/public/images/svg/check.html]
[eres.dexignzone.com/laravel/demo/public/images/svg/cd-arrow.html]
[eres.dexignzone.com/laravel/demo/public/vendor/lightgallery/dist/fonts/lgb687.woff2]
[eres.dexignzone.com/laravel/demo/public/vendor/lightgallery/dist/fonts/lgb687.ttf]
[eres.dexignzone.com/laravel/demo/public/vendor/lightgallery/dist/fonts/lgb687.woff]
[eres.dexignzone.com/laravel/demo/public/vendor/lightgallery/dist/images/loading.gif]
[eres.dexignzone.com/laravel/demo/public/vendor/lightgallery/dist/css/lightgallery.css]
[eres.dexignzone.com/laravel/demo/public/vendor/lightgallery/dist/css/lg-thumbnail.css]
[eres.dexignzone.com/laravel/demo/public/vendor/lightgallery/dist/css/lg-zoom.css]
[eres.dexignzone.com/laravel/demo/public/vendor/lightgallery/dist/lightgallery.min.js]
[eres.dexignzone.com/laravel/demo/public/vendor/lightgallery/dist/plugins/thumbnail/lg-thumbnail.min.js]
[eres.dexignzone.com/laravel/demo/public/vendor/lightgallery/dist/plugins/zoom/lg-zoom.min.js]
[eres.dexignzone.com/laravel/demo/page-forgot-password.html]
[eres.dexignzone.com/laravel/demo/public/vendor/datatables/css/jquery.dataTables.min.css]
[eres.dexignzone.com/laravel/demo/public/vendor/datatables/js/jquery.dataTables.min.js]
[eres.dexignzone.com/laravel/demo/images/svg/check-circle 1.svg/_.html]
[eres.dexignzone.com/laravel/demo/public/images/svg/map.svg]
[eres.dexignzone.com/laravel/demo/public/vendor/peity/jquery.peity.min.js]
[eres.dexignzone.com/laravel/demo/public/js/plugins-init/piety-init.js]
[eres.dexignzone.com/laravel/demo/public/vendor/chartist/css/chartist.min.css]
[eres.dexignzone.com/laravel/demo/public/images/svg/check-circle 1.svg]
[eres.dexignzone.com/laravel/demo/public/vendor/chartist/js/chartist.min.js]
[eres.dexignzone.com/laravel/demo/public/vendor/chartist-plugin-tooltips/js/chartist-plugin-tooltip.min.js]
[eres.dexignzone.com/laravel/demo/public/vendor/clockpicker/css/bootstrap-clockpicker.min.css]
[eres.dexignzone.com/laravel/demo/public/vendor/bootstrap-datetimepicker/css/bootstrap-datetimepicker.min.css]
[eres.dexignzone.com/laravel/demo/public/vendor/bootstrap-datetimepicker-master/css/bootstrap-datetimepicker.min.css]
[eres.dexignzone.com/laravel/demo/public/vendor/clockpicker/js/bootstrap-clockpicker.min.js]
[eres.dexignzone.com/laravel/demo/public/js/plugins-init/clock-picker-init.js]
[eres.dexignzone.com/laravel/demo/public/vendor/bootstrap-datetimepicker/js/moment.js]
[eres.dexignzone.com/laravel/demo/public/vendor/bootstrap-datetimepicker/js/bootstrap-datetimepicker.min.js]
[eres.dexignzone.com/laravel/demo/public/vendor/bootstrap-datetimepicker-master/js/bootstrap-datetimepicker.min.js]
[eres.dexignzone.com/laravel/demo/public/vendor/dropzone/dist/dropzone.css]
[eres.dexignzone.com/laravel/demo/public/vendor/dropzone/dist/dropzone.js]
[eres.dexignzone.com/laravel/demo/public/vendor/fullcalendar/css/main.min.css]
[eres.dexignzone.com/laravel/demo/public/vendor/jqueryui/js/jquery-ui.min.js]
[eres.dexignzone.com/laravel/demo/public/vendor/moment/moment.min.js]
[eres.dexignzone.com/laravel/demo/public/vendor/fullcalendar/js/main.min.js]
[eres.dexignzone.com/laravel/demo/public/js/plugins-init/fullcalendar-init.js]
[eres.dexignzone.com/laravel/demo/public/vendor/highlightjs/highlight.pack.min.js]
[eres.dexignzone.com/laravel/demo/public/vendor/star-rating/star-rating-svg.css]
[eres.dexignzone.com/laravel/demo/public/vendor/star-rating/jquery.star-rating-svg.js]
[eres.dexignzone.com/laravel/demo/public/vendor/flot/jquery.flot.js]
[eres.dexignzone.com/laravel/demo/public/vendor/flot/jquery.flot.pie.js]
[eres.dexignzone.com/laravel/demo/public/vendor/flot/jquery.flot.resize.js]
[eres.dexignzone.com/laravel/demo/public/vendor/flot-spline/jquery.flot.spline.min.js]
[eres.dexignzone.com/laravel/demo/public/js/plugins-init/flot-init.js]
[eres.dexignzone.com/laravel/demo/public/vendor/morris/morris.css]
[eres.dexignzone.com/laravel/demo/public/vendor/morris/raphael-min.js]
[eres.dexignzone.com/laravel/demo/public/vendor/morris/morris.min.js]
[eres.dexignzone.com/laravel/demo/public/js/plugins-init/morris-init.js]
[eres.dexignzone.com/laravel/demo/public/js/plugins-init/chartjs-init.js]
[eres.dexignzone.com/laravel/demo/public/js/plugins-init/chartist-init.js]
[eres.dexignzone.com/laravel/demo/public/vendor/jquery-sparkline/jquery.sparkline.min.js]
[eres.dexignzone.com/laravel/demo/public/js/plugins-init/sparkline-init.js]
[eres.dexignzone.com/laravel/demo/public/js/highlight.min.js]
[eres.dexignzone.com/laravel/demo/public/vendor/select2/css/select2.min.css]
[eres.dexignzone.com/laravel/demo/public/vendor/select2/js/select2.full.min.js]
[eres.dexignzone.com/laravel/demo/public/js/plugins-init/select2-init.js]
[eres.dexignzone.com/laravel/demo/public/vendor/nestable2/css/jquery.nestable.min.css]
[eres.dexignzone.com/laravel/demo/public/vendor/nestable2/js/jquery.nestable.min.js]
[eres.dexignzone.com/laravel/demo/public/js/plugins-init/nestable-init.js]
[eres.dexignzone.com/laravel/demo/public/vendor/nouislider/nouislider.min.css]
[eres.dexignzone.com/laravel/demo/public/vendor/nouislider/nouislider.min.js]
[eres.dexignzone.com/laravel/demo/public/vendor/wnumb/wNumb.js]
[eres.dexignzone.com/laravel/demo/public/js/plugins-init/nouislider-init.js]
[eres.dexignzone.com/laravel/demo/public/vendor/sweetalert2/dist/sweetalert2.min.css]
[eres.dexignzone.com/laravel/demo/public/vendor/sweetalert2/dist/sweetalert2.min.js]
[eres.dexignzone.com/laravel/demo/public/js/plugins-init/sweetalert.init.js]
[eres.dexignzone.com/laravel/demo/public/vendor/toastr/css/toastr.min.css]
[eres.dexignzone.com/laravel/demo/public/vendor/toastr/js/toastr.min.js]
[eres.dexignzone.com/laravel/demo/public/js/plugins-init/toastr-init.js]
[eres.dexignzone.com/laravel/demo/public/vendor/jqvmap/css/jqvmap.min.css]
[eres.dexignzone.com/laravel/demo/public/vendor/jqvmap/js/jquery.vmap.min.js]
[eres.dexignzone.com/laravel/demo/public/vendor/jqvmap/js/jquery.vmap.world.js]
[eres.dexignzone.com/laravel/demo/public/vendor/jqvmap/js/jquery.vmap.usa.js]
[eres.dexignzone.com/laravel/demo/public/js/plugins-init/jqvmap-init.js]
[eres.dexignzone.com/laravel/demo/public/js/plugins-init/widgets-script-init.js]
[eres.dexignzone.com/laravel/demo/public/vendor/jquery-smartwizard/dist/css/smart_wizard.min.css]
[eres.dexignzone.com/laravel/demo/public/vendor/jquery-steps/build/jquery.steps.min.js]
[eres.dexignzone.com/laravel/demo/public/vendor/jquery-validation/jquery.validate.min.js]
[eres.dexignzone.com/laravel/demo/public/js/plugins-init/jquery.validate-init.js]
[eres.dexignzone.com/laravel/demo/public/vendor/jquery-smartwizard/dist/js/jquery.smartWizard.js]
[eres.dexignzone.com/laravel/demo/public/vendor/ckeditor/ckeditor.js]
[eres.dexignzone.com/laravel/demo/public/vendor/bootstrap-daterangepicker/daterangepicker.css]
[eres.dexignzone.com/laravel/demo/public/vendor/jquery-asColorPicker/images/transparent.png]
[eres.dexignzone.com/laravel/demo/public/vendor/jquery-asColorPicker/images/saturation.png]
[eres.dexignzone.com/laravel/demo/public/vendor/jquery-asColorPicker/images/hue.png]
[eres.dexignzone.com/laravel/demo/public/vendor/jquery-asColorPicker/images/alpha.png]
[eres.dexignzone.com/laravel/demo/public/vendor/jquery-asColorPicker/css/asColorPicker.min.css]
[eres.dexignzone.com/laravel/demo/public/vendor/bootstrap-material-datetimepicker/css/bootstrap-material-datetimepicker.css]
[eres.dexignzone.com/laravel/demo/public/vendor/pickadate/themes/default.css]
[eres.dexignzone.com/laravel/demo/public/vendor/pickadate/themes/default.date.css]
[eres.dexignzone.com/laravel/demo/public/vendor/bootstrap-daterangepicker/daterangepicker.js]
[eres.dexignzone.com/laravel/demo/public/vendor/jquery-asColor/jquery-asColor.min.js]
[eres.dexignzone.com/laravel/demo/public/vendor/jquery-asGradient/jquery-asGradient.min.js]
[eres.dexignzone.com/laravel/demo/public/vendor/jquery-asColorPicker/js/jquery-asColorPicker.min.js]
[eres.dexignzone.com/laravel/demo/public/vendor/bootstrap-material-datetimepicker/js/bootstrap-material-datetimepicker.js]
[eres.dexignzone.com/laravel/demo/public/vendor/pickadate/picker.js]
[eres.dexignzone.com/laravel/demo/public/vendor/pickadate/picker.time.js]
[eres.dexignzone.com/laravel/demo/public/vendor/pickadate/picker.date.js]
[eres.dexignzone.com/laravel/demo/public/js/plugins-init/bs-daterange-picker-init.js]
[eres.dexignzone.com/laravel/demo/public/js/plugins-init/jquery-asColorPicker.init.js]
[eres.dexignzone.com/laravel/demo/public/js/plugins-init/material-date-picker-init.js]
[eres.dexignzone.com/laravel/demo/public/js/plugins-init/pickadate-init.js]
[eres.dexignzone.com/laravel/demo/public/js/plugins-init/datatables.init.js]
[eres.dexignzone.com/laravel/demo/Trident/index.html]
[eres.dexignzone.com/laravel/demo/Edge/index.html]
[eres.dexignzone.com/laravel/demo/sidebar-img/index.html]
[eres.dexignzone.com/laravel/demo/public/images/logo-text-white.html]
[eres.dexignzone.com/laravel/demo/public/images/logo-white.html]
[eres.dexignzone.com/laravel/demo/public/icons/simple-line-icons/fonts/Simple-Line-Icons4c824c82.svg]
[eres.dexignzone.com/laravel/demo/public/icons/material-design-iconic-font/fonts/materialdesignicons-webfont683c.svg]
[eres.dexignzone.com/laravel/demo/public/icons/themify-icons/fonts/themify9f249f24.svg]
[eres.dexignzone.com/laravel/demo/public/icons/line-awesome/fonts/la-brands-400.svg]
[eres.dexignzone.com/laravel/demo/public/icons/line-awesome/fonts/la-regular-400.svg]
[eres.dexignzone.com/laravel/demo/public/icons/line-awesome/fonts/la-solid-900.svg]
[eres.dexignzone.com/laravel/demo/public/icons/avasta/fonts/avasta.svg]
[eres.dexignzone.com/laravel/demo/public/icons/flaticon/Flaticon.svg]
[eres.dexignzone.com/laravel/demo/public/icons/icomoon/fonts/icomoon.svg]
[eres.dexignzone.com/laravel/demo/public/vendor/lightgallery/dist/fonts/lgb687.svg]
[eres.dexignzone.com/laravel/demo/e.html]
