[welly.dexignzone.com/xhtml/index.html]
[backblue.gif]
[fade.gif]
[index.html]
[welly.dexignzone.com/xhtml/social-image.png]
[welly.dexignzone.com/xhtml/images/favicon.png]
[welly.dexignzone.com/xhtml/images/logo.png]
[welly.dexignzone.com/xhtml/images/logo-text.png]
[welly.dexignzone.com/xhtml/images/avatar/1.jpg]
[welly.dexignzone.com/xhtml/images/avatar/2.jpg]
[welly.dexignzone.com/xhtml/images/avatar/3.jpg]
[welly.dexignzone.com/xhtml/images/avatar/4.jpg]
[welly.dexignzone.com/xhtml/images/avatar/5.jpg]
[welly.dexignzone.com/xhtml/images/profile/17.jpg]
[welly.dexignzone.com/xhtml/app-profile.html]
[welly.dexignzone.com/xhtml/email-inbox.html]
[welly.dexignzone.com/xhtml/page-login.html]
[welly.dexignzone.com/xhtml/patient.html]
[welly.dexignzone.com/xhtml/patient-details.html]
[welly.dexignzone.com/xhtml/doctor-details.html]
[welly.dexignzone.com/xhtml/doctor.html]
[welly.dexignzone.com/xhtml/reviews.html]
[welly.dexignzone.com/xhtml/post-details.html]
[welly.dexignzone.com/xhtml/email-compose.html]
[welly.dexignzone.com/xhtml/email-read.html]
[welly.dexignzone.com/xhtml/app-calender.html]
[welly.dexignzone.com/xhtml/ecom-product-grid.html]
[welly.dexignzone.com/xhtml/ecom-product-list.html]
[welly.dexignzone.com/xhtml/ecom-product-detail.html]
[welly.dexignzone.com/xhtml/ecom-product-order.html]
[welly.dexignzone.com/xhtml/ecom-checkout.html]
[welly.dexignzone.com/xhtml/ecom-invoice.html]
[welly.dexignzone.com/xhtml/ecom-customers.html]
[welly.dexignzone.com/xhtml/chart-flot.html]
[welly.dexignzone.com/xhtml/chart-chartjs.html]
[welly.dexignzone.com/xhtml/chart-morris.html]
[welly.dexignzone.com/xhtml/chart-chartist.html]
[welly.dexignzone.com/xhtml/chart-sparkline.html]
[welly.dexignzone.com/xhtml/chart-peity.html]
[welly.dexignzone.com/xhtml/ui-accordion.html]
[welly.dexignzone.com/xhtml/ui-alert.html]
[welly.dexignzone.com/xhtml/ui-badge.html]
[welly.dexignzone.com/xhtml/ui-button.html]
[welly.dexignzone.com/xhtml/ui-modal.html]
[welly.dexignzone.com/xhtml/ui-button-group.html]
[welly.dexignzone.com/xhtml/ui-list-group.html]
[welly.dexignzone.com/xhtml/ui-media-object.html]
[welly.dexignzone.com/xhtml/ui-card.html]
[welly.dexignzone.com/xhtml/ui-carousel.html]
[welly.dexignzone.com/xhtml/ui-dropdown.html]
[welly.dexignzone.com/xhtml/ui-popover.html]
[welly.dexignzone.com/xhtml/ui-progressbar.html]
[welly.dexignzone.com/xhtml/ui-tab.html]
[welly.dexignzone.com/xhtml/ui-typography.html]
[welly.dexignzone.com/xhtml/ui-pagination.html]
[welly.dexignzone.com/xhtml/ui-grid.html]
[welly.dexignzone.com/xhtml/uc-select2.html]
[welly.dexignzone.com/xhtml/uc-nestable.html]
[welly.dexignzone.com/xhtml/uc-noui-slider.html]
[welly.dexignzone.com/xhtml/uc-sweetalert.html]
[welly.dexignzone.com/xhtml/uc-toastr.html]
[welly.dexignzone.com/xhtml/map-jqvmap.html]
[welly.dexignzone.com/xhtml/uc-lightgallery.html]
[welly.dexignzone.com/xhtml/form-element.html]
[welly.dexignzone.com/xhtml/widget-basic.html]
[welly.dexignzone.com/xhtml/form-wizard.html]
[welly.dexignzone.com/xhtml/form-editor-summernote.html]
[welly.dexignzone.com/xhtml/form-pickers.html]
[welly.dexignzone.com/xhtml/form-validation-jquery.html]
[welly.dexignzone.com/xhtml/table-bootstrap-basic.html]
[welly.dexignzone.com/xhtml/table-datatable-basic.html]
[welly.dexignzone.com/xhtml/page-register.html]
[welly.dexignzone.com/xhtml/page-error-400.html]
[welly.dexignzone.com/xhtml/page-error-403.html]
[welly.dexignzone.com/xhtml/page-error-404.html]
[welly.dexignzone.com/xhtml/page-error-500.html]
[welly.dexignzone.com/xhtml/page-error-503.html]
[welly.dexignzone.com/xhtml/page-lock-screen.html]
[welly.dexignzone.com/xhtml/images/users/1.png]
[welly.dexignzone.com/xhtml/images/users/2.png]
[welly.dexignzone.com/xhtml/images/users/3.png]
[welly.dexignzone.com/xhtml/images/users/4.png]
[welly.dexignzone.com/xhtml/images/users/5.png]
[welly.dexignzone.com/xhtml/images/users/6.png]
[welly.dexignzone.com/xhtml/images/users/7.png]
[welly.dexignzone.com/xhtml/images/users/8.png]
[welly.dexignzone.com/xhtml/images/users/9.png]
[welly.dexignzone.com/xhtml/images/users/10.png]
[welly.dexignzone.com/xhtml/images/users/1.jpg]
[welly.dexignzone.com/xhtml/images/users/2.jpg]
[welly.dexignzone.com/xhtml/images/users/3.jpg]
[welly.dexignzone.com/xhtml/images/users/4.jpg]
[welly.dexignzone.com/xhtml/images/users/5.jpg]
[welly.dexignzone.com/xhtml/images/users/6.jpg]
[welly.dexignzone.com/xhtml/images/users/7.jpg]
[welly.dexignzone.com/xhtml/images/users/8.jpg]
[welly.dexignzone.com/xhtml/images/users/9.jpg]
[welly.dexignzone.com/xhtml/images/users/10.jpg]
[welly.dexignzone.com/xhtml/images/users/11.jpg]
[welly.dexignzone.com/xhtml/index.html]
[welly.dexignzone.com/xhtml/vendor/jqvmap/css/jqvmap.min.css]
[welly.dexignzone.com/xhtml/vendor/chartist/css/chartist.min.css]
[welly.dexignzone.com/xhtml/vendor/bootstrap-select/dist/css/bootstrap-select.min.css]
[welly.dexignzone.com/xhtml/vendor/bootstrap-datetimepicker/css/bootstrap-datetimepicker.min.css]
[welly.dexignzone.com/xhtml/images/profile/cover.jpg]
[welly.dexignzone.com/xhtml/images/1.jpg]
[welly.dexignzone.com/xhtml/images/like.png]
[welly.dexignzone.com/xhtml/css/style.css]
[welly.dexignzone.com/xhtml/images/profile/profile.png]
[welly.dexignzone.com/xhtml/images/profile/1.jpg]
[welly.dexignzone.com/xhtml/images/profile/2.jpg]
[welly.dexignzone.com/xhtml/images/profile/3.jpg]
[welly.dexignzone.com/xhtml/images/profile/4.jpg]
[welly.dexignzone.com/xhtml/images/profile/5.jpg]
[welly.dexignzone.com/xhtml/images/profile/6.jpg]
[welly.dexignzone.com/xhtml/images/profile/7.jpg]
[welly.dexignzone.com/xhtml/images/profile/8.jpg]
[welly.dexignzone.com/xhtml/images/profile/9.jpg]
[welly.dexignzone.com/xhtml/app-profile.html]
[welly.dexignzone.com/xhtml/email-inbox.html]
[welly.dexignzone.com/xhtml/images/logo-full.png]
[welly.dexignzone.com/xhtml/page-forgot-password.html]
[welly.dexignzone.com/xhtml/page-login.html]
[welly.dexignzone.com/xhtml/patient.html]
[welly.dexignzone.com/xhtml/images/bg.jpg]
[welly.dexignzone.com/xhtml/images/profile/2.png]
[welly.dexignzone.com/xhtml/images/map.jpg]
[welly.dexignzone.com/xhtml/images/users/12.jpg]
[welly.dexignzone.com/xhtml/patient-details.html]
[welly.dexignzone.com/xhtml/images/users/11.png]
[welly.dexignzone.com/xhtml/images/users/12.png]
[welly.dexignzone.com/xhtml/images/users/13.png]
[welly.dexignzone.com/xhtml/images/users/14.png]
[welly.dexignzone.com/xhtml/images/users/15.png]
[welly.dexignzone.com/xhtml/images/users/16.png]
[welly.dexignzone.com/xhtml/images/users/17.png]
[welly.dexignzone.com/xhtml/images/users/18.png]
[welly.dexignzone.com/xhtml/images/users/19.png]
[welly.dexignzone.com/xhtml/doctor.html]
[welly.dexignzone.com/xhtml/images/bg2.jpg]
[welly.dexignzone.com/xhtml/images/profile/3.png]
[welly.dexignzone.com/xhtml/doctor-details.html]
[welly.dexignzone.com/xhtml/reviews.html]
[welly.dexignzone.com/xhtml/post-details.html]
[welly.dexignzone.com/xhtml/email-compose.html]
[welly.dexignzone.com/xhtml/email-read.html]
[welly.dexignzone.com/xhtml/app-calender.html]
[welly.dexignzone.com/xhtml/images/product/1.jpg]
[welly.dexignzone.com/xhtml/images/product/2.jpg]
[welly.dexignzone.com/xhtml/images/product/3.jpg]
[welly.dexignzone.com/xhtml/images/product/4.jpg]
[welly.dexignzone.com/xhtml/images/product/5.jpg]
[welly.dexignzone.com/xhtml/images/product/6.jpg]
[welly.dexignzone.com/xhtml/images/product/7.jpg]
[welly.dexignzone.com/xhtml/ecom-product-grid.html]
[welly.dexignzone.com/xhtml/ecom-product-list.html]
[welly.dexignzone.com/xhtml/images/tab/1.jpg]
[welly.dexignzone.com/xhtml/images/tab/2.jpg]
[welly.dexignzone.com/xhtml/images/tab/3.jpg]
[welly.dexignzone.com/xhtml/images/tab/4.jpg]
[welly.dexignzone.com/xhtml/ecom-product-detail.html]
[welly.dexignzone.com/xhtml/ecom-product-order.html]
[welly.dexignzone.com/xhtml/ecom-checkout.html]
[welly.dexignzone.com/xhtml/images/qr.png]
[welly.dexignzone.com/xhtml/ecom-invoice.html]
[welly.dexignzone.com/xhtml/images/avatar/5.png]
[welly.dexignzone.com/xhtml/images/avatar/1.png]
[welly.dexignzone.com/xhtml/ecom-customers.html]
[welly.dexignzone.com/xhtml/chart-flot.html]
[welly.dexignzone.com/xhtml/chart-morris.html]
[welly.dexignzone.com/xhtml/chart-chartjs.html]
[welly.dexignzone.com/xhtml/chart-chartist.html]
[welly.dexignzone.com/xhtml/chart-sparkline.html]
[welly.dexignzone.com/xhtml/chart-peity.html]
[welly.dexignzone.com/xhtml/ui-accordion.html]
[welly.dexignzone.com/xhtml/ui-alert.html]
[welly.dexignzone.com/xhtml/ui-badge.html]
[welly.dexignzone.com/xhtml/ui-button.html]
[welly.dexignzone.com/xhtml/ui-modal.html]
[welly.dexignzone.com/xhtml/ui-button-group.html]
[welly.dexignzone.com/xhtml/ui-list-group.html]
[welly.dexignzone.com/xhtml/images/avatar/7.jpg]
[welly.dexignzone.com/xhtml/images/avatar/6.jpg]
[welly.dexignzone.com/xhtml/images/avatar/8.jpg]
[welly.dexignzone.com/xhtml/ui-media-object.html]
[welly.dexignzone.com/xhtml/images/card/1.png]
[welly.dexignzone.com/xhtml/images/card/2.png]
[welly.dexignzone.com/xhtml/images/card/3.png]
[welly.dexignzone.com/xhtml/ui-card.html]
[welly.dexignzone.com/xhtml/images/big/img1.jpg]
[welly.dexignzone.com/xhtml/images/big/img2.jpg]
[welly.dexignzone.com/xhtml/images/big/img3.jpg]
[welly.dexignzone.com/xhtml/images/big/img4.jpg]
[welly.dexignzone.com/xhtml/images/big/img5.jpg]
[welly.dexignzone.com/xhtml/images/big/img6.jpg]
[welly.dexignzone.com/xhtml/images/big/img7.jpg]
[welly.dexignzone.com/xhtml/ui-carousel.html]
[welly.dexignzone.com/xhtml/ui-dropdown.html]
[welly.dexignzone.com/xhtml/ui-popover.html]
[welly.dexignzone.com/xhtml/ui-progressbar.html]
[welly.dexignzone.com/xhtml/ui-tab.html]
[welly.dexignzone.com/xhtml/ui-typography.html]
[welly.dexignzone.com/xhtml/ui-pagination.html]
[welly.dexignzone.com/xhtml/ui-grid.html]
[welly.dexignzone.com/xhtml/uc-select2.html]
[welly.dexignzone.com/xhtml/uc-nestable.html]
[welly.dexignzone.com/xhtml/uc-noui-slider.html]
[welly.dexignzone.com/xhtml/uc-sweetalert.html]
[welly.dexignzone.com/xhtml/uc-toastr.html]
[welly.dexignzone.com/xhtml/map-jqvmap.html]
[welly.dexignzone.com/xhtml/images/big/img8.jpg]
[welly.dexignzone.com/xhtml/uc-lightgallery.html]
[welly.dexignzone.com/xhtml/widget-basic.html]
[welly.dexignzone.com/xhtml/form-element.html]
[welly.dexignzone.com/xhtml/form-wizard.html]
[welly.dexignzone.com/xhtml/form-editor-summernote.html]
[welly.dexignzone.com/xhtml/form-pickers.html]
[welly.dexignzone.com/xhtml/form-validation-jquery.html]
[welly.dexignzone.com/xhtml/table-bootstrap-basic.html]
[welly.dexignzone.com/xhtml/images/profile/small/pic1.jpg]
[welly.dexignzone.com/xhtml/images/profile/small/pic2.jpg]
[welly.dexignzone.com/xhtml/images/profile/small/pic3.jpg]
[welly.dexignzone.com/xhtml/images/profile/small/pic4.jpg]
[welly.dexignzone.com/xhtml/images/profile/small/pic5.jpg]
[welly.dexignzone.com/xhtml/images/profile/small/pic6.jpg]
[welly.dexignzone.com/xhtml/images/profile/small/pic7.jpg]
[welly.dexignzone.com/xhtml/images/profile/small/pic8.jpg]
[welly.dexignzone.com/xhtml/images/profile/small/pic9.jpg]
[welly.dexignzone.com/xhtml/images/profile/small/pic10.jpg]
[welly.dexignzone.com/xhtml/table-datatable-basic.html]
[welly.dexignzone.com/xhtml/page-register.html]
[welly.dexignzone.com/xhtml/page-error-400.html]
[welly.dexignzone.com/xhtml/page-error-403.html]
[welly.dexignzone.com/xhtml/page-error-404.html]
[welly.dexignzone.com/xhtml/page-error-500.html]
[welly.dexignzone.com/xhtml/page-error-503.html]
[welly.dexignzone.com/xhtml/page-lock-screen.html]
[welly.dexignzone.com/xhtml/vendor/global/global.min.js]
[welly.dexignzone.com/xhtml/vendor/bootstrap-select/dist/js/bootstrap-select.min.js]
[welly.dexignzone.com/xhtml/vendor/chart-js/chart.bundle.min.js]
[welly.dexignzone.com/xhtml/js/custom.min.js]
[welly.dexignzone.com/xhtml/js/deznav-init.js]
[welly.dexignzone.com/xhtml/vendor/bootstrap-datetimepicker/js/moment.js]
[welly.dexignzone.com/xhtml/vendor/bootstrap-datetimepicker/js/bootstrap-datetimepicker.min.js]
[welly.dexignzone.com/xhtml/vendor/peity/jquery.peity.min.js]
[welly.dexignzone.com/xhtml/vendor/apexchart/apexchart.js]
[welly.dexignzone.com/xhtml/js/dashboard/dashboard-1.js]
[welly.dexignzone.com/xhtml/icons/simple-line-icons/fonts/Simple-Line-Icons4c824c82.eot]
[welly.dexignzone.com/xhtml/icons/simple-line-icons/fonts/Simple-Line-Iconsd41dd41d.eot]
[welly.dexignzone.com/xhtml/icons/simple-line-icons/fonts/Simple-Line-Icons4c824c82.ttf]
[welly.dexignzone.com/xhtml/icons/simple-line-icons/fonts/Simple-Line-Icons4c824c82.woff2]
[welly.dexignzone.com/xhtml/icons/simple-line-icons/fonts/Simple-Line-Icons4c824c82.woff]
[welly.dexignzone.com/xhtml/icons/simple-line-icons/css/simple-line-icons.css]
[welly.dexignzone.com/xhtml/icons/fontawesome/webfonts/fa-brands-400.woff2]
[welly.dexignzone.com/xhtml/icons/fontawesome/webfonts/fa-brands-400.ttf]
[welly.dexignzone.com/xhtml/icons/fontawesome/webfonts/fa-regular-400.woff2]
[welly.dexignzone.com/xhtml/icons/fontawesome/webfonts/fa-regular-400.ttf]
[welly.dexignzone.com/xhtml/icons/fontawesome/webfonts/fa-solid-900.woff2]
[welly.dexignzone.com/xhtml/icons/fontawesome/webfonts/fa-solid-900.ttf]
[welly.dexignzone.com/xhtml/icons/fontawesome/webfonts/fa-v4compatibility.woff2]
[welly.dexignzone.com/xhtml/icons/fontawesome/webfonts/fa-v4compatibility.ttf]
[welly.dexignzone.com/xhtml/icons/fontawesome/css/all.min.css]
[welly.dexignzone.com/xhtml/icons/material-design-iconic-font/fonts/materialdesignicons-webfont683c.eot]
[welly.dexignzone.com/xhtml/icons/material-design-iconic-font/fonts/materialdesignicons-webfontd41d.eot]
[welly.dexignzone.com/xhtml/icons/material-design-iconic-font/fonts/materialdesignicons-webfont683c.woff2]
[welly.dexignzone.com/xhtml/icons/material-design-iconic-font/fonts/materialdesignicons-webfont683c.woff]
[welly.dexignzone.com/xhtml/icons/material-design-iconic-font/fonts/materialdesignicons-webfont683c.ttf]
[welly.dexignzone.com/xhtml/icons/material-design-iconic-font/css/materialdesignicons.min.css]
[welly.dexignzone.com/xhtml/icons/themify-icons/fonts/themify9f249f24.eot]
[welly.dexignzone.com/xhtml/icons/themify-icons/fonts/themifyd41dd41d.eot]
[welly.dexignzone.com/xhtml/icons/themify-icons/fonts/themify.woff]
[welly.dexignzone.com/xhtml/icons/themify-icons/fonts/themify.ttf]
[welly.dexignzone.com/xhtml/icons/themify-icons/css/themify-icons.css]
[welly.dexignzone.com/xhtml/icons/line-awesome/fonts/la-brands-400.eot]
[welly.dexignzone.com/xhtml/icons/line-awesome/fonts/la-brands-400d41d.eot]
[welly.dexignzone.com/xhtml/icons/line-awesome/fonts/la-brands-400.woff2]
[welly.dexignzone.com/xhtml/icons/line-awesome/fonts/la-brands-400.woff]
[welly.dexignzone.com/xhtml/icons/line-awesome/fonts/la-brands-400.ttf]
[welly.dexignzone.com/xhtml/icons/line-awesome/fonts/la-regular-400.eot]
[welly.dexignzone.com/xhtml/icons/line-awesome/fonts/la-regular-400d41d.eot]
[welly.dexignzone.com/xhtml/icons/line-awesome/fonts/la-regular-400.woff2]
[welly.dexignzone.com/xhtml/icons/line-awesome/fonts/la-regular-400.woff]
[welly.dexignzone.com/xhtml/icons/line-awesome/fonts/la-regular-400.ttf]
[welly.dexignzone.com/xhtml/icons/line-awesome/fonts/la-solid-900.eot]
[welly.dexignzone.com/xhtml/icons/line-awesome/fonts/la-solid-900d41d.eot]
[welly.dexignzone.com/xhtml/icons/line-awesome/fonts/la-solid-900.woff2]
[welly.dexignzone.com/xhtml/icons/line-awesome/fonts/la-solid-900.woff]
[welly.dexignzone.com/xhtml/icons/line-awesome/fonts/la-solid-900.ttf]
[welly.dexignzone.com/xhtml/icons/line-awesome/css/line-awesome.min.css]
[welly.dexignzone.com/xhtml/icons/avasta/fonts/avasta.eot]
[welly.dexignzone.com/xhtml/icons/avasta/fonts/avasta.woff2]
[welly.dexignzone.com/xhtml/icons/avasta/fonts/avasta.woff]
[welly.dexignzone.com/xhtml/icons/avasta/fonts/avasta.ttf]
[welly.dexignzone.com/xhtml/icons/avasta/css/style.css]
[welly.dexignzone.com/xhtml/icons/flaticon/Flaticon.eot]
[welly.dexignzone.com/xhtml/icons/flaticon/Flaticond41d.eot]
[welly.dexignzone.com/xhtml/icons/flaticon/Flaticon.woff]
[welly.dexignzone.com/xhtml/icons/flaticon/Flaticon.ttf]
[welly.dexignzone.com/xhtml/icons/flaticon/flaticon.css]
[welly.dexignzone.com/xhtml/vendor/animate/animate.min.css]
[welly.dexignzone.com/xhtml/vendor/aos/css/aos.min.css]
[welly.dexignzone.com/xhtml/vendor/perfect-scrollbar/css/perfect-scrollbar.css]
[welly.dexignzone.com/xhtml/vendor/metismenu/css/metisMenu.min.css]
[welly.dexignzone.com/xhtml/images/dots.svg]
[welly.dexignzone.com/xhtml/vendor/lightgallery/fonts/lgd641.eot]
[welly.dexignzone.com/xhtml/vendor/lightgallery/fonts/lgd41d.eot]
[welly.dexignzone.com/xhtml/vendor/lightgallery/fonts/lgd641.woff]
[welly.dexignzone.com/xhtml/vendor/lightgallery/fonts/lgd641.ttf]
[welly.dexignzone.com/xhtml/vendor/lightgallery/img/vimeo-play.png]
[welly.dexignzone.com/xhtml/vendor/lightgallery/img/video-play.png]
[welly.dexignzone.com/xhtml/vendor/lightgallery/img/youtube-play.png]
[welly.dexignzone.com/xhtml/vendor/lightgallery/img/loading.gif]
[welly.dexignzone.com/xhtml/vendor/lightgallery/css/lightgallery.min.css]
[welly.dexignzone.com/xhtml/vendor/lightgallery/js/lightgallery-all.min.js]
[welly.dexignzone.com/xhtml/page-forgot-password.html]
[welly.dexignzone.com/xhtml/vendor/datatables/images/sort_both.png]
[welly.dexignzone.com/xhtml/vendor/datatables/images/sort_asc.png]
[welly.dexignzone.com/xhtml/vendor/datatables/images/sort_desc.png]
[welly.dexignzone.com/xhtml/vendor/datatables/images/sort_asc_disabled.png]
[welly.dexignzone.com/xhtml/vendor/datatables/images/sort_desc_disabled.png]
[welly.dexignzone.com/xhtml/vendor/datatables/css/jquery.dataTables.min.css]
[welly.dexignzone.com/xhtml/vendor/datatables/js/jquery.dataTables.min.js]
[welly.dexignzone.com/xhtml/js/dashboard/patient-details.js]
[welly.dexignzone.com/xhtml/js/dashboard/doctor-details.js]
[welly.dexignzone.com/xhtml/vendor/dropzone/dist/dropzone.css]
[welly.dexignzone.com/xhtml/vendor/dropzone/dist/dropzone.js]
[welly.dexignzone.com/xhtml/vendor/fullcalendar/css/main.min.css]
[welly.dexignzone.com/xhtml/vendor/jqueryui/js/jquery-ui.min.js]
[welly.dexignzone.com/xhtml/vendor/moment/moment.min.js]
[welly.dexignzone.com/xhtml/vendor/fullcalendar/js/main.min.js]
[welly.dexignzone.com/xhtml/js/plugins-init/fullcalendar-init.js]
[welly.dexignzone.com/xhtml/vendor/star-rating/star-rating-svg.css]
[welly.dexignzone.com/xhtml/vendor/star-rating/jquery.star-rating-svg.js]
[welly.dexignzone.com/xhtml/vendor/flot/jquery.flot.js]
[welly.dexignzone.com/xhtml/vendor/flot/jquery.flot.pie.js]
[welly.dexignzone.com/xhtml/vendor/flot/jquery.flot.resize.js]
[welly.dexignzone.com/xhtml/vendor/flot-spline/jquery.flot.spline.min.js]
[welly.dexignzone.com/xhtml/js/plugins-init/flot-init.js]
[welly.dexignzone.com/xhtml/vendor/morris/raphael-min.js]
[welly.dexignzone.com/xhtml/vendor/morris/morris.min.js]
[welly.dexignzone.com/xhtml/js/plugins-init/morris-init.js]
[welly.dexignzone.com/xhtml/js/plugins-init/chartjs-init.js]
[welly.dexignzone.com/xhtml/vendor/chartist/js/chartist.min.js]
[welly.dexignzone.com/xhtml/vendor/chartist-plugin-tooltips/js/chartist-plugin-tooltip.min.js]
[welly.dexignzone.com/xhtml/js/plugins-init/chartist-init.js]
[welly.dexignzone.com/xhtml/vendor/jquery-sparkline/jquery.sparkline.min.js]
[welly.dexignzone.com/xhtml/js/plugins-init/sparkline-init.js]
[welly.dexignzone.com/xhtml/js/plugins-init/piety-init.js]
[welly.dexignzone.com/xhtml/vendor/select2/css/select2.min.css]
[welly.dexignzone.com/xhtml/vendor/select2/js/select2.full.min.js]
[welly.dexignzone.com/xhtml/js/plugins-init/select2-init.js]
[welly.dexignzone.com/xhtml/vendor/nestable2/css/jquery.nestable.min.css]
[welly.dexignzone.com/xhtml/vendor/nestable2/js/jquery.nestable.min.js]
[welly.dexignzone.com/xhtml/js/plugins-init/nestable-init.js]
[welly.dexignzone.com/xhtml/vendor/nouislider/nouislider.min.css]
[welly.dexignzone.com/xhtml/vendor/nouislider/nouislider.min.js]
[welly.dexignzone.com/xhtml/vendor/wnumb/wNumb.js]
[welly.dexignzone.com/xhtml/js/plugins-init/nouislider-init.js]
[welly.dexignzone.com/xhtml/vendor/sweetalert2/dist/sweetalert2.min.css]
[welly.dexignzone.com/xhtml/vendor/sweetalert2/dist/sweetalert2.min.js]
[welly.dexignzone.com/xhtml/js/plugins-init/sweetalert.init.js]
[welly.dexignzone.com/xhtml/vendor/toastr/css/toastr.min.css]
[welly.dexignzone.com/xhtml/vendor/toastr/js/toastr.min.js]
[welly.dexignzone.com/xhtml/js/plugins-init/toastr-init.js]
[welly.dexignzone.com/xhtml/vendor/jqvmap/js/jquery.vmap.min.js]
[welly.dexignzone.com/xhtml/vendor/jqvmap/js/jquery.vmap.world.js]
[welly.dexignzone.com/xhtml/vendor/jqvmap/js/jquery.vmap.usa.js]
[welly.dexignzone.com/xhtml/js/plugins-init/jqvmap-init.js]
[welly.dexignzone.com/xhtml/js/plugins-init/widgets-script-init.js]
[welly.dexignzone.com/xhtml/vendor/jquery-smartwizard/dist/css/smart_wizard.min.css]
[welly.dexignzone.com/xhtml/vendor/jquery-steps/build/jquery.steps.min.js]
[welly.dexignzone.com/xhtml/vendor/jquery-validation/jquery.validate.min.js]
[welly.dexignzone.com/xhtml/js/plugins-init/jquery.validate-init.js]
[welly.dexignzone.com/xhtml/vendor/jquery-smartwizard/dist/js/jquery.smartWizard.js]
[welly.dexignzone.com/xhtml/vendor/ckeditor/ckeditor.js]
[welly.dexignzone.com/xhtml/vendor/bootstrap-daterangepicker/daterangepicker.css]
[welly.dexignzone.com/xhtml/vendor/clockpicker/css/bootstrap-clockpicker.min.css]
[welly.dexignzone.com/xhtml/vendor/jquery-asColorPicker/images/transparent.png]
[welly.dexignzone.com/xhtml/vendor/jquery-asColorPicker/images/saturation.png]
[welly.dexignzone.com/xhtml/vendor/jquery-asColorPicker/images/hue.png]
[welly.dexignzone.com/xhtml/vendor/jquery-asColorPicker/images/alpha.png]
[welly.dexignzone.com/xhtml/vendor/jquery-asColorPicker/css/asColorPicker.min.css]
[welly.dexignzone.com/xhtml/vendor/bootstrap-material-datetimepicker/css/bootstrap-material-datetimepicker.css]
[welly.dexignzone.com/xhtml/vendor/pickadate/themes/default.css]
[welly.dexignzone.com/xhtml/vendor/pickadate/themes/default.date.css]
[welly.dexignzone.com/xhtml/vendor/bootstrap-daterangepicker/daterangepicker.js]
[welly.dexignzone.com/xhtml/vendor/clockpicker/js/bootstrap-clockpicker.min.js]
[welly.dexignzone.com/xhtml/vendor/jquery-asColor/jquery-asColor.min.js]
[welly.dexignzone.com/xhtml/vendor/jquery-asGradient/jquery-asGradient.min.js]
[welly.dexignzone.com/xhtml/vendor/jquery-asColorPicker/js/jquery-asColorPicker.min.js]
[welly.dexignzone.com/xhtml/vendor/bootstrap-material-datetimepicker/js/bootstrap-material-datetimepicker.js]
[welly.dexignzone.com/xhtml/vendor/pickadate/picker.js]
[welly.dexignzone.com/xhtml/vendor/pickadate/picker.time.js]
[welly.dexignzone.com/xhtml/vendor/pickadate/picker.date.js]
[welly.dexignzone.com/xhtml/js/plugins-init/bs-daterange-picker-init.js]
[welly.dexignzone.com/xhtml/js/plugins-init/clock-picker-init.js]
[welly.dexignzone.com/xhtml/js/plugins-init/jquery-asColorPicker.init.js]
[welly.dexignzone.com/xhtml/js/plugins-init/material-date-picker-init.js]
[welly.dexignzone.com/xhtml/js/plugins-init/pickadate-init.js]
[welly.dexignzone.com/xhtml/js/plugins-init/datatables.init.js]
[welly.dexignzone.com/xhtml/vendor/deznav/deznav.min.js]
[welly.dexignzone.com/xhtml/Trident/index.html]
[welly.dexignzone.com/xhtml/Edge/index.html]
[welly.dexignzone.com/xhtml/icons/simple-line-icons/fonts/Simple-Line-Icons4c824c82.svg]
[welly.dexignzone.com/xhtml/icons/material-design-iconic-font/fonts/materialdesignicons-webfont683c.svg]
[welly.dexignzone.com/xhtml/icons/themify-icons/fonts/themify9f249f24.svg]
[welly.dexignzone.com/xhtml/icons/line-awesome/fonts/la-brands-400.svg]
[welly.dexignzone.com/xhtml/icons/line-awesome/fonts/la-regular-400.svg]
[welly.dexignzone.com/xhtml/icons/line-awesome/fonts/la-solid-900.svg]
[welly.dexignzone.com/xhtml/icons/avasta/fonts/avasta.svg]
[welly.dexignzone.com/xhtml/icons/flaticon/Flaticon.svg]
[welly.dexignzone.com/xhtml/vendor/lightgallery/fonts/lgd641.svg]
